<?xml version="1.0" encoding="UTF-8"?>
<TestRun id="67fabb47-f530-4589-b845-160ac4ede42a" name="student@KOMP060 2015-04-20 14:02:13" runUser="NMKZLLAB\student" xmlns="http://microsoft.com/schemas/VisualStudio/TeamTest/2010">
  <TestSettings name="Local" id="31046817-227f-4161-9a97-5d34efa999fb">
    <Description>These are default test settings for a local test run.</Description>
    <Deployment enabled="false" runDeploymentRoot="student_KOMP060 2015-04-20 14_02_13">
      <DeploymentItem filename="D:\Sebastian\Blog\Blog\packages\EntityFramework.5.0.0\lib\net40\EntityFramework.dll" />
      <DeploymentItem filename="D:\Sebastian\Blog\Blog\Blog.DAL\bin\Debug\Blog.DAL.dll" />
      <DeploymentItem filename="D:\Sebastian\Blog\Blog\packages\DbTestHelpers\YamlDotNet.RepresentationModel.dll" />
      <DeploymentItem filename="D:\Sebastian\Blog\Blog\packages\DbTestHelpers\YamlDotNet.Core.dll" />
      <DeploymentItem filename="D:\Sebastian\Blog\Blog\packages\DbTestHelpers\TDD.DbTestHelpers.dll" />
    </Deployment>
    <Execution>
      <TestTypeSpecific />
      <AgentRule name="Execution Agents">
      </AgentRule>
    </Execution>
  </TestSettings>
  <Times creation="2015-04-20T14:02:13.1256627+02:00" queuing="2015-04-20T14:02:13.1866627+02:00" start="2015-04-20T14:02:13.1896627+02:00" finish="2015-04-20T14:02:13.9756627+02:00" />
  <ResultSummary outcome="Completed">
    <Counters total="3" executed="3" passed="3" error="0" failed="0" timeout="0" aborted="0" inconclusive="0" passedButRunAborted="0" notRunnable="0" notExecuted="0" disconnected="0" warning="0" completed="0" inProgress="0" pending="0" />
  </ResultSummary>
  <TestDefinitions>
    <UnitTest name="CreatePost_ShouldThrowExceptionWhenValidationFails" storage="d:\sebastian\blog\blog\blog.dal.tests\bin\debug\blog.dal.tests.dll" id="01aa2900-e416-9a4d-c089-4b86a04297ef">
      <Execution id="2f33d601-2095-4fd9-9738-f7379d030e91" />
      <TestMethod codeBase="D:/Sebastian/Blog/Blog/Blog.DAL.Tests/bin/Debug/Blog.DAL.Tests.DLL" adapterTypeName="Microsoft.VisualStudio.TestTools.TestTypes.Unit.UnitTestAdapter, Microsoft.VisualStudio.QualityTools.Tips.UnitTest.Adapter, Version=10.0.0.0, Culture=neutral, PublicKeyToken=b03f5f7f11d50a3a" className="Blog.DAL.Tests.RepositoryTests, Blog.DAL.Tests, Version=1.0.0.0, Culture=neutral, PublicKeyToken=null" name="CreatePost_ShouldThrowExceptionWhenValidationFails" />
    </UnitTest>
    <UnitTest name="CreatePost_ShouldAddValidPost" storage="d:\sebastian\blog\blog\blog.dal.tests\bin\debug\blog.dal.tests.dll" id="442ba584-8fbc-862f-056b-593f8268b450">
      <Execution id="2e6296b2-879a-411d-aa2d-259c9e0314c9" />
      <TestMethod codeBase="D:/Sebastian/Blog/Blog/Blog.DAL.Tests/bin/Debug/Blog.DAL.Tests.DLL" adapterTypeName="Microsoft.VisualStudio.TestTools.TestTypes.Unit.UnitTestAdapter, Microsoft.VisualStudio.QualityTools.Tips.UnitTest.Adapter, Version=10.0.0.0, Culture=neutral, PublicKeyToken=b03f5f7f11d50a3a" className="Blog.DAL.Tests.RepositoryTests, Blog.DAL.Tests, Version=1.0.0.0, Culture=neutral, PublicKeyToken=null" name="CreatePost_ShouldAddValidPost" />
    </UnitTest>
    <UnitTest name="GetAllPost_OnePostInDb_ReturnOnePost" storage="d:\sebastian\blog\blog\blog.dal.tests\bin\debug\blog.dal.tests.dll" id="8eb3fc89-a933-3141-9fc4-10d31ead6588">
      <Execution id="0a52c4f4-5c35-46f3-8661-20882731c13e" />
      <TestMethod codeBase="D:/Sebastian/Blog/Blog/Blog.DAL.Tests/bin/Debug/Blog.DAL.Tests.DLL" adapterTypeName="Microsoft.VisualStudio.TestTools.TestTypes.Unit.UnitTestAdapter, Microsoft.VisualStudio.QualityTools.Tips.UnitTest.Adapter, Version=10.0.0.0, Culture=neutral, PublicKeyToken=b03f5f7f11d50a3a" className="Blog.DAL.Tests.RepositoryTests, Blog.DAL.Tests, Version=1.0.0.0, Culture=neutral, PublicKeyToken=null" name="GetAllPost_OnePostInDb_ReturnOnePost" />
    </UnitTest>
  </TestDefinitions>
  <TestLists>
    <TestList name="Results Not in a List" id="8c84fa94-04c1-424b-9868-57a2d4851a1d" />
    <TestList name="All Loaded Results" id="19431567-8539-422a-85d7-44ee4e166bda" />
  </TestLists>
  <TestEntries>
    <TestEntry testId="01aa2900-e416-9a4d-c089-4b86a04297ef" executionId="2f33d601-2095-4fd9-9738-f7379d030e91" testListId="8c84fa94-04c1-424b-9868-57a2d4851a1d" />
    <TestEntry testId="442ba584-8fbc-862f-056b-593f8268b450" executionId="2e6296b2-879a-411d-aa2d-259c9e0314c9" testListId="8c84fa94-04c1-424b-9868-57a2d4851a1d" />
    <TestEntry testId="8eb3fc89-a933-3141-9fc4-10d31ead6588" executionId="0a52c4f4-5c35-46f3-8661-20882731c13e" testListId="8c84fa94-04c1-424b-9868-57a2d4851a1d" />
  </TestEntries>
  <Results>
    <UnitTestResult executionId="2f33d601-2095-4fd9-9738-f7379d030e91" testId="01aa2900-e416-9a4d-c089-4b86a04297ef" testName="CreatePost_ShouldThrowExceptionWhenValidationFails" computerName="KOMP060" duration="00:00:00.6018015" startTime="2015-04-20T14:02:13.1916627+02:00" endTime="2015-04-20T14:02:13.9096627+02:00" testType="13cdc9d9-ddb5-4fa4-a97d-d965ccfc6d4b" outcome="Passed" testListId="8c84fa94-04c1-424b-9868-57a2d4851a1d" relativeResultsDirectory="2f33d601-2095-4fd9-9738-f7379d030e91">
      <Output>
        <DebugTrace>Constr
SetUp
Applying fixtures
D:\Sebastian\Blog\Blog\Blog.DAL.Tests\bin\Debug\Fixtures\posts.yml
FixtureSetUp
</DebugTrace>
      </Output>
    </UnitTestResult>
    <UnitTestResult executionId="2e6296b2-879a-411d-aa2d-259c9e0314c9" testId="442ba584-8fbc-862f-056b-593f8268b450" testName="CreatePost_ShouldAddValidPost" computerName="KOMP060" duration="00:00:00.0054554" startTime="2015-04-20T14:02:13.9106627+02:00" endTime="2015-04-20T14:02:13.9176627+02:00" testType="13cdc9d9-ddb5-4fa4-a97d-d965ccfc6d4b" outcome="Passed" testListId="8c84fa94-04c1-424b-9868-57a2d4851a1d" relativeResultsDirectory="2e6296b2-879a-411d-aa2d-259c9e0314c9">
      <Output>
        <DebugTrace>Constr
SetUp
Applying fixtures
D:\Sebastian\Blog\Blog\Blog.DAL.Tests\bin\Debug\Fixtures\posts.yml
FixtureSetUp
</DebugTrace>
      </Output>
    </UnitTestResult>
    <UnitTestResult executionId="0a52c4f4-5c35-46f3-8661-20882731c13e" testId="8eb3fc89-a933-3141-9fc4-10d31ead6588" testName="GetAllPost_OnePostInDb_ReturnOnePost" computerName="KOMP060" duration="00:00:00.0046974" startTime="2015-04-20T14:02:13.9186627+02:00" endTime="2015-04-20T14:02:13.9246627+02:00" testType="13cdc9d9-ddb5-4fa4-a97d-d965ccfc6d4b" outcome="Passed" testListId="8c84fa94-04c1-424b-9868-57a2d4851a1d" relativeResultsDirectory="0a52c4f4-5c35-46f3-8661-20882731c13e">
      <Output>
        <DebugTrace>Constr
SetUp
Applying fixtures
D:\Sebastian\Blog\Blog\Blog.DAL.Tests\bin\Debug\Fixtures\posts.yml
FixtureSetUp
</DebugTrace>
      </Output>
    </UnitTestResult>
  </Results>
</TestRun>